// Jest Snapshot v1, https://goo.gl/fbAQLP

exports[`<TeamSelect /> renders correctly structured component 1`] = `
<div
  class="w-full border-t border-b border-solid border-gray-200 rounded-lg overflow-hidden"
>
  <div
    class="relative flex flex-no-wrap shadow-lg"
  >
    <button
      class="align-middle text-white text-center outline-none transition-colors duration-100 ease-in-out bg-blue-100 hover:bg-blue-200 btn-md w-full"
    >
       
      Синие
    </button>
    <span
      class="inline-flex justify-center items-center rounded-full h-8 w-8 text-blue-100 bg-white absolute left-0 right-0 mx-auto self-center"
    >
      <svg
        aria-hidden="true"
        class="svg-inline--fa fa-users fa-w-20 "
        data-icon="users"
        data-prefix="fas"
        focusable="false"
        role="img"
        viewBox="0 0 640 512"
        xmlns="http://www.w3.org/2000/svg"
      >
        <path
          d="M96 224c35.3 0 64-28.7 64-64s-28.7-64-64-64-64 28.7-64 64 28.7 64 64 64zm448 0c35.3 0 64-28.7 64-64s-28.7-64-64-64-64 28.7-64 64 28.7 64 64 64zm32 32h-64c-17.6 0-33.5 7.1-45.1 18.6 40.3 22.1 68.9 62 75.1 109.4h66c17.7 0 32-14.3 32-32v-32c0-35.3-28.7-64-64-64zm-256 0c61.9 0 112-50.1 112-112S381.9 32 320 32 208 82.1 208 144s50.1 112 112 112zm76.8 32h-8.3c-20.8 10-43.9 16-68.5 16s-47.6-6-68.5-16h-8.3C179.6 288 128 339.6 128 403.2V432c0 26.5 21.5 48 48 48h288c26.5 0 48-21.5 48-48v-28.8c0-63.6-51.6-115.2-115.2-115.2zm-223.7-13.4C161.5 263.1 145.6 256 128 256H64c-35.3 0-64 28.7-64 64v32c0 17.7 14.3 32 32 32h65.9c6.3-47.4 34.9-87.3 75.2-109.4z"
          fill="currentColor"
        />
      </svg>
    </span>
    <button
      class="align-middle text-white text-center outline-none transition-colors duration-100 ease-in-out bg-gray-300 hover:bg-gray-400 btn-md w-full"
    >
      <svg
        aria-hidden="true"
        class="svg-inline--fa fa-user-plus fa-w-20 fa-sm "
        data-icon="user-plus"
        data-prefix="fas"
        focusable="false"
        role="img"
        viewBox="0 0 640 512"
        xmlns="http://www.w3.org/2000/svg"
      >
        <path
          d="M624 208h-64v-64c0-8.8-7.2-16-16-16h-32c-8.8 0-16 7.2-16 16v64h-64c-8.8 0-16 7.2-16 16v32c0 8.8 7.2 16 16 16h64v64c0 8.8 7.2 16 16 16h32c8.8 0 16-7.2 16-16v-64h64c8.8 0 16-7.2 16-16v-32c0-8.8-7.2-16-16-16zm-400 48c70.7 0 128-57.3 128-128S294.7 0 224 0 96 57.3 96 128s57.3 128 128 128zm89.6 32h-16.7c-22.2 10.2-46.9 16-72.9 16s-50.6-5.8-72.9-16h-16.7C60.2 288 0 348.2 0 422.4V464c0 26.5 21.5 48 48 48h352c26.5 0 48-21.5 48-48v-41.6c0-74.2-60.2-134.4-134.4-134.4z"
          fill="currentColor"
        />
      </svg>
       
      Красные
    </button>
  </div>
  <div
    class="bg-white"
  >
    <div
      class="py-2 px-6 border border-solid border-gray-200 border-t-0 first:border-t flex justify-between font-bold"
    >
      player_1
      <span
        class="inline-block px-4 py-1 leading-none text-center text-sm align-middle rounded-xl text-white bg-blue-100"
        data-testid="badge"
      >
        <svg
          aria-hidden="true"
          class="svg-inline--fa fa-crown fa-w-20 fa-sm "
          data-icon="crown"
          data-prefix="fas"
          focusable="false"
          role="img"
          viewBox="0 0 640 512"
          xmlns="http://www.w3.org/2000/svg"
        >
          <path
            d="M528 448H112c-8.8 0-16 7.2-16 16v32c0 8.8 7.2 16 16 16h416c8.8 0 16-7.2 16-16v-32c0-8.8-7.2-16-16-16zm64-320c-26.5 0-48 21.5-48 48 0 7.1 1.6 13.7 4.4 19.8L476 239.2c-15.4 9.2-35.3 4-44.2-11.6L350.3 85C361 76.2 368 63 368 48c0-26.5-21.5-48-48-48s-48 21.5-48 48c0 15 7 28.2 17.7 37l-81.5 142.6c-8.9 15.6-28.9 20.8-44.2 11.6l-72.3-43.4c2.7-6 4.4-12.7 4.4-19.8 0-26.5-21.5-48-48-48S0 149.5 0 176s21.5 48 48 48c2.6 0 5.2-.4 7.7-.8L128 416h384l72.3-192.8c2.5.4 5.1.8 7.7.8 26.5 0 48-21.5 48-48s-21.5-48-48-48z"
            fill="currentColor"
          />
        </svg>
         Капитан
      </span>
    </div>
    <div
      class="py-2 px-6 border border-solid border-gray-200 border-t-0 first:border-t flex justify-between"
    >
      player_3
    </div>
  </div>
  <button
    class="align-middle text-white text-center outline-none transition-colors duration-100 ease-in-out bg-blue-100 hover:bg-blue-200 btn-md w-full"
  >
    Стать капитаном
  </button>
</div>
`;
